main.c:117:6:increase_time	16	static
main.c:128:6:Writte_flash	64	static
main.c:142:10:read_Flash	24	static
main.c:147:6:write_data_fillter	8	static
main.c:155:6:tank_full_led	8	static
main.c:186:6:CLR_data	8	static
main.c:225:6:Dislay_erro	8	static
main.c:323:6:fillter_check	8	static
main.c:360:6:led_fan_action	16	static
main.c:386:6:led_couter	8	static
main.c:426:5:main	8	static
main.c:493:6:SystemClock_Config	80	static
main.c:527:13:MX_TIM3_Init	32	static
main.c:572:13:MX_TIM14_Init	8	static
main.c:603:13:MX_GPIO_Init	48	static
main.c:661:6:Error_Handler	8	static
